# Copyright 1993, 1994, 1995, 1996, 1997, 1998, 1999, 2000, 2001, 2002,
# 2003, 2004, 2005, 2006, 2007, 2008, 2009, 2010, 2011, 2012, 2013, 2014,
# 2015, 2016, 2017, 2018
# University Corporation for Atmospheric Research/Unidata.

# See netcdf-c/COPYRIGHT file for more info.
FILE(GLOB COPY_FILES ${CMAKE_CURRENT_SOURCE_DIR}/*)
FILE(COPY ${COPY_FILES} DESTINATION ${CMAKE_CURRENT_BINARY_DIR}/ FILE_PERMISSIONS OWNER_READ OWNER_WRITE OWNER_EXECUTE)

FILE(GLOB CUR_EXTRA_DIST RELATIVE ${CMAKE_CURRENT_SOURCE_DIR} ${CMAKE_CURRENT_SOURCE_DIR}/*.dmp)
SET(CUR_EXTRA_DIST ${CUR_EXTRA_DIST} CMakeLists.txt Makefile.am)
ADD_EXTRA_DIST("${CUR_EXTRA_DIST}")
